// Jest Snapshot v1, https://goo.gl/fbAQLP

exports[`Should set up ExpenseListItem  1`] = `
<div>
  <[object Object]
    to="/edit/1"
  >
    gum
  </[object Object]>
  <p>
    195
      = 
    345600000
  </p>
</div>
`;
