// Jest Snapshot v1, https://goo.gl/fbAQLP

exports[`should render header correctly 1`] = `
<div>
  <h1>
    Expensify App 
  </h1>
  <[object Object]
    activeClassName="is-active"
    to="/"
  >
    Dashboard
  </[object Object]>
  <[object Object]
    activeClassName="is-active"
    to="/create"
  >
    Add Expense
  </[object Object]>
  <[object Object]
    activeClassName="is-active"
    to="/help"
  >
    Help
  </[object Object]>
</div>
`;
